Records	Endpoint
4	schoolTypeDescriptors
1	localEducationAgencies
